#[derive(Interface, Serialize)]
#[graphql(
    name = "Resource",
    rename_fields = "PascalCase",
    field(name = "id", ty = "String"),
    field(name = "type_name", ty = "String"),
    field(name = "all_properties", ty = "String"),
)]
pub enum Resource {
    AwsCloudWatchAlarm(AwsCloudWatchAlarm),
    AwsEc2Instance(AwsEc2Instance),
    Node(Node),
}
