#[derive(Interface, Serialize)]
#[graphql(
    name = "AWS_Resource_Interface",
    rename_fields = "camelCase",
    field(name = "type", ty = "String"),
    field(name = "resource_type", ty = "String"),
    field(name = "identifier", ty = "String"),
    field(name = "all_properties", ty = "String")
)]
pub enum Resource {
    AwsCloudWatchAlarm(AwsCloudWatchAlarm),
    AwsEc2Instance(AwsEc2Instance),
}