#[derive(Serialize)]
pub struct AwsEc2SecurityGroupRelationships<'a> {
    properties: &'a String,
}

impl AwsEc2SecurityGroup {
    pub async fn relationships(&self) -> AwsEc2SecurityGroupRelationships {
        AwsEc2SecurityGroupRelationships {
            properties: &self.all_properties,
        }
    }
}

// <AwsEc2SecurityGroupConnections_SecurityGroupIngressSourceSecurityGroupId> Mock

#[Object(
    name = "Aws_Ec2_SecurityGroup_Relationships",
    rename_fields = "camelCase"
)]
impl AwsEc2SecurityGroupRelationships<'_> {
    pub async fn security_group_ingress_source_security_group_name(&self, ctx: &Context<'_>) -> Vec<AwsEc2SecurityGroup> {
        let atx_context = ctx.data::<AtsContext>()?;
        get_related_resource::<Vec<AwsEc2SecurityGroup>>(
            &atx_context,
            &self.identifier,
            &self.resource_type,
            &self.properties,
        ).await?
    }
    pub async fn security_group_ingress_source_security_group_id(&self, ctx: &Context<'_>) -> Vec<AwsEc2SecurityGroupConnections_SecurityGroupIngressSourceSecurityGroupId> {
        let atx_context = ctx.data::<AtsContext>()?;
        get_related_resource::<Vec<AwsEc2SecurityGroupConnections_SecurityGroupIngressSourceSecurityGroupId>>(
            &atx_context,
            &self.identifier,
            &self.resource_type,
            &self.properties,
        ).await?
    }
}
