#[derive(SimpleObject, Serialize)]
#[graphql(name = "Aws_S3_Bucket", rename_fields = "camelCase", complex)]
pub struct AwsS3Bucket {
    pub identifier: String,
    pub all_properties: String,
}

#[ComplexObject(rename_fields = "camelCase")]
impl AwsS3Bucket {
    pub async fn r#type(&self) -> String {
        AWS_RESOURCE_TYPE.to_string()
    }
    pub async fn resource_type(&self) -> String {
        "AWS::S3::Bucket".to_string()
    }
}